# t x y
13.788 1.200 1.200
13.888 1.200 1.200
13.988 1.200 1.200
14.088 1.200 1.200
14.188 1.208 1.208
14.288 1.222 1.223
14.388 1.254 1.243
14.488 1.283 1.262
14.588 1.312 1.282
14.688 1.341 1.302
14.788 1.369 1.323
14.888 1.397 1.345
14.988 1.424 1.367
15.088 1.449 1.391
15.188 1.474 1.416
15.288 1.498 1.441
15.388 1.520 1.468
15.488 1.540 1.495
15.588 1.561 1.522
15.688 1.580 1.549
15.788 1.598 1.577
15.888 1.614 1.605
15.988 1.632 1.633
16.088 1.646 1.661
16.188 1.657 1.689
16.288 1.667 1.716
16.388 1.677 1.743
16.488 1.689 1.771
16.588 1.700 1.801
16.688 1.710 1.830
16.788 1.717 1.858
16.888 1.727 1.888
16.988 1.735 1.918
17.088 1.742 1.948
17.188 1.749 1.978
17.288 1.755 2.008
17.388 1.762 2.039
17.488 1.766 2.070
17.588 1.770 2.100
17.688 1.772 2.129
17.788 1.777 2.160
17.888 1.779 2.190
17.988 1.783 2.222
18.088 1.785 2.252
18.188 1.788 2.284
18.288 1.790 2.315
18.388 1.789 2.345
18.488 1.788 2.373
18.588 1.787 2.402
18.688 1.789 2.433
18.788 1.789 2.462
18.888 1.788 2.491
18.988 1.791 2.523
19.088 1.790 2.553
19.188 1.792 2.585
19.288 1.791 2.615
19.388 1.792 2.647
19.488 1.792 2.677
19.588 1.791 2.708
19.688 1.794 2.741
19.788 1.792 2.771
19.888 1.792 2.803
19.988 1.792 2.833
20.088 1.792 2.865
20.188 1.793 2.899
20.288 1.792 2.930
20.388 1.792 2.964
20.488 1.792 2.996
20.588 1.791 3.028
20.688 1.788 3.058
20.788 1.789 3.090
20.888 1.790 3.123
20.988 1.790 3.156
21.088 1.790 3.188
21.188 1.788 3.219
21.288 1.786 3.249
21.388 1.787 3.280
21.488 1.788 3.312
21.588 1.791 3.346
21.688 1.792 3.380
21.788 1.791 3.413
21.888 1.791 3.444
21.988 1.789 3.476
22.088 1.786 3.503
22.188 1.788 3.534
22.288 1.793 3.566
22.388 1.797 3.600
22.488 1.803 3.631
22.588 1.810 3.663
22.688 1.820 3.693
22.788 1.830 3.722
22.888 1.840 3.756
22.988 1.850 3.786
23.088 1.859 3.820
23.188 1.868 3.852
23.288 1.879 3.883
23.388 1.895 3.914
23.488 1.912 3.944
23.588 1.929 3.970
23.688 1.946 3.992
23.788 1.971 4.014
23.888 1.997 4.037
23.988 2.025 4.058
24.088 2.053 4.079
24.188 2.080 4.102
24.288 2.101 4.130
24.388 2.133 4.145
24.488 2.163 4.162
24.588 2.194 4.179
24.688 2.223 4.199
24.788 2.254 4.215
24.888 2.284 4.231
24.988 2.315 4.248
25.088 2.346 4.265
25.188 2.376 4.282
25.288 2.407 4.299
25.388 2.437 4.317
25.488 2.467 4.333
25.588 2.499 4.350
25.688 2.530 4.367
25.788 2.551 4.396
25.888 2.576 4.421
25.988 2.600 4.445
26.088 2.624 4.471
26.188 2.652 4.492
26.288 2.682 4.508
26.388 2.714 4.523
26.488 2.748 4.529
26.588 2.782 4.537
26.688 2.817 4.544
26.788 2.851 4.551
26.888 2.883 4.565
26.988 2.918 4.561
27.088 2.952 4.557
27.188 2.987 4.553
27.288 3.022 4.550
27.388 3.057 4.547
27.488 3.092 4.544
27.588 3.127 4.542
27.688 3.162 4.540
27.788 3.197 4.538
27.888 3.232 4.538
27.988 3.265 4.555
28.088 3.290 4.579
28.188 3.315 4.604
28.288 3.341 4.626
28.388 3.376 4.632
28.488 3.409 4.628
28.588 3.445 4.625
28.688 3.480 4.624
28.788 3.514 4.631
28.888 3.548 4.639
28.988 3.582 4.648
29.088 3.616 4.659
29.188 3.648 4.673
29.288 3.678 4.692
29.388 3.698 4.722
29.488 3.720 4.749
29.588 3.745 4.773
29.688 3.775 4.790
29.788 3.805 4.807
29.888 3.836 4.821
29.988 3.870 4.831
30.088 3.902 4.844
30.188 3.933 4.862
30.288 3.963 4.881
30.388 3.992 4.900
30.488 4.021 4.919
30.588 4.051 4.937
30.688 4.081 4.956
30.788 4.111 4.974
30.888 4.141 4.992
30.988 4.171 5.010
31.088 4.202 5.027
31.188 4.231 5.045
31.288 4.262 5.063
31.388 4.295 5.072
31.488 4.328 5.084
31.588 4.360 5.095
31.688 4.390 5.092
31.788 4.420 5.084
31.888 4.448 5.074
31.988 4.474 5.062
32.088 4.500 5.050
32.188 4.523 5.037
32.288 4.543 5.022
32.388 4.566 5.008
32.488 4.586 4.993
32.588 4.605 4.977
32.688 4.624 4.960
32.788 4.643 4.943
32.888 4.665 4.927
32.988 4.684 4.910
33.088 4.702 4.892
33.188 4.720 4.874
33.288 4.737 4.857
33.388 4.755 4.839
33.488 4.773 4.821
33.588 4.791 4.804
33.688 4.804 4.786
33.788 4.815 4.777
33.888 4.815 4.777
33.988 4.815 4.777
34.088 4.815 4.777
34.188 4.815 4.777
34.288 4.815 4.777
34.388 4.815 4.777
34.488 4.815 4.777
34.588 4.815 4.777
34.688 4.815 4.777
34.788 4.815 4.777
34.888 4.815 4.777
34.988 4.815 4.777
35.088 4.815 4.777
35.188 4.815 4.777
35.288 4.807 4.772
35.388 4.801 4.767
35.488 4.795 4.762
35.588 4.789 4.757
35.688 4.783 4.751
35.788 4.782 4.757
35.888 4.774 4.766
35.988 4.766 4.775
36.088 4.758 4.784
36.188 4.751 4.793
36.288 4.743 4.802
36.388 4.743 4.800
36.488 4.759 4.790
36.588 4.776 4.778
36.688 4.794 4.767
36.788 4.812 4.755
36.888 4.829 4.744
36.988 4.847 4.732
37.088 4.852 4.731
37.188 4.852 4.731
37.288 4.852 4.731
37.388 4.852 4.731
37.488 4.852 4.731
37.588 4.852 4.731
37.688 4.852 4.731
37.788 4.852 4.731
37.888 4.852 4.731
37.988 4.852 4.731
38.088 4.852 4.731
38.188 4.851 4.731
38.288 4.852 4.731
38.388 4.852 4.731
38.488 4.847 4.724
38.588 4.845 4.717
38.688 4.842 4.709
38.788 4.839 4.702
38.888 4.836 4.694
38.988 4.834 4.698
39.088 4.822 4.702
39.188 4.811 4.707
39.288 4.800 4.711
39.388 4.789 4.715
39.488 4.778 4.720
39.588 4.779 4.710
39.688 4.793 4.693
39.788 4.809 4.679
39.888 4.826 4.665
39.988 4.843 4.651
40.088 4.861 4.642
40.188 4.882 4.639
40.288 4.903 4.635
40.388 4.920 4.626
40.488 4.940 4.622
40.588 4.953 4.625
40.688 4.953 4.625
40.788 4.953 4.625
40.888 4.953 4.625
40.988 4.953 4.625
41.088 4.953 4.625
41.188 4.953 4.625
41.288 4.953 4.624
41.388 4.953 4.624
41.488 4.953 4.625
41.588 4.953 4.625
41.688 4.953 4.625
41.788 4.953 4.625
41.888 4.953 4.625
41.988 4.953 4.625
42.088 4.954 4.617
42.188 4.957 4.609
42.288 4.959 4.602
42.388 4.961 4.594
42.488 4.963 4.586
42.588 4.961 4.587
42.688 4.949 4.584
42.788 4.938 4.581
42.888 4.926 4.577
42.988 4.915 4.574
43.088 4.903 4.570
43.188 4.907 4.564
43.288 4.925 4.559
43.388 4.947 4.554
43.488 4.969 4.551
43.588 4.991 4.548
43.688 5.013 4.546
43.788 5.035 4.544
43.888 5.058 4.542
43.988 5.080 4.540
44.088 5.103 4.540
44.188 5.125 4.539
44.288 5.147 4.539
44.388 5.170 4.540
44.488 5.191 4.541
44.588 5.207 4.546
44.688 5.207 4.546
44.788 5.220 4.544
44.888 5.222 4.547
44.988 5.241 4.549
45.088 5.262 4.553
45.188 5.263 4.557
45.288 5.263 4.557
45.388 5.263 4.557
45.488 5.263 4.557
45.588 5.282 4.559
45.688 5.302 4.564
45.788 5.303 4.568
45.888 5.303 4.568
45.988 5.303 4.568
46.088 5.303 4.568
46.188 5.303 4.568
46.288 5.303 4.568
46.388 5.303 4.568
46.488 5.303 4.568
46.588 5.303 4.568
46.688 5.303 4.568
46.788 5.303 4.568
46.888 5.303 4.568
46.988 5.303 4.568
47.088 5.303 4.568
47.188 5.304 4.567
47.288 5.312 4.564
47.388 5.319 4.561
47.488 5.327 4.558
47.588 5.334 4.555
47.688 5.335 4.555
47.788 5.331 4.546
47.888 5.326 4.535
47.988 5.321 4.524
48.088 5.316 4.513
48.188 5.312 4.502
48.288 5.312 4.500
48.388 5.325 4.507
48.488 5.341 4.517
48.588 5.358 4.532
48.688 5.375 4.546
48.788 5.392 4.560
48.888 5.409 4.575
48.988 5.426 4.590
49.088 5.443 4.605
49.188 5.460 4.619
49.288 5.476 4.634
49.388 5.493 4.649
49.488 5.509 4.665
49.588 5.522 4.678
49.688 5.522 4.678
49.788 5.522 4.678
49.888 5.522 4.678
49.988 5.522 4.678
50.088 5.522 4.678
50.188 5.522 4.678
50.288 5.522 4.678
50.388 5.522 4.678
50.488 5.522 4.678
50.588 5.522 4.678
50.688 5.522 4.678
50.788 5.522 4.678
50.888 5.522 4.678
50.988 5.522 4.678
51.088 5.528 4.680
51.188 5.536 4.682
51.288 5.544 4.683
51.388 5.552 4.685
51.488 5.559 4.686
51.588 5.562 4.685
51.688 5.564 4.673
51.788 5.566 4.661
51.888 5.569 4.649
51.988 5.571 4.637
52.088 5.574 4.626
52.188 5.574 4.627
52.288 5.581 4.643
52.388 5.588 4.664
52.488 5.595 4.685
52.588 5.603 4.706
52.688 5.611 4.727
52.788 5.619 4.747
52.888 5.628 4.768
52.988 5.638 4.788
53.088 5.647 4.808
53.188 5.658 4.828
53.288 5.668 4.848
53.388 5.679 4.867
53.488 5.691 4.886
53.588 5.703 4.905
53.688 5.716 4.923
53.788 5.729 4.941
53.888 5.742 4.959
53.988 5.756 4.977
54.088 5.771 4.994
54.188 5.785 5.011
54.288 5.800 5.028
54.388 5.815 5.044
54.488 5.831 5.061
54.588 5.847 5.076
54.688 5.863 5.091
54.788 5.880 5.106
54.888 5.897 5.121
54.988 5.914 5.135
55.088 5.932 5.149
55.188 5.949 5.162
55.288 5.968 5.175
55.388 5.986 5.188
55.488 6.005 5.200
55.588 6.024 5.212
55.688 6.043 5.224
55.788 6.062 5.235
55.888 6.082 5.246
55.988 6.101 5.256
56.088 6.121 5.266
56.188 6.141 5.276
56.288 6.162 5.285
56.388 6.182 5.294
56.488 6.203 5.302
56.588 6.224 5.309
56.688 6.246 5.317
56.788 6.267 5.324
56.888 6.288 5.330
56.988 6.310 5.336
57.088 6.331 5.342
57.188 6.353 5.347
57.288 6.375 5.351
57.388 6.397 5.355
57.488 6.419 5.359
57.588 6.441 5.363
57.688 6.463 5.366
57.788 6.485 5.369
57.888 6.508 5.371
57.988 6.530 5.373
58.088 6.552 5.376
58.188 6.574 5.378
58.288 6.597 5.380
58.388 6.619 5.382
58.488 6.641 5.385
58.588 6.663 5.386
58.688 6.686 5.389
58.788 6.708 5.391
58.888 6.730 5.393
58.988 6.752 5.395
59.088 6.775 5.397
59.188 6.797 5.399
59.288 6.819 5.402
59.388 6.842 5.403
59.488 6.864 5.405
59.588 6.886 5.406
59.688 6.909 5.408
59.788 6.931 5.409
59.888 6.953 5.411
59.988 6.975 5.412
60.088 6.998 5.413
60.188 7.020 5.414
60.288 7.043 5.415
60.388 7.065 5.420
60.488 7.080 5.434
60.588 7.094 5.453
60.688 7.107 5.471
60.788 7.119 5.488
60.888 7.137 5.493
60.988 7.159 5.493
61.088 7.182 5.492
61.188 7.204 5.491
61.288 7.226 5.492
61.388 7.249 5.491
61.488 7.271 5.491
61.588 7.293 5.491
61.688 7.316 5.491
61.788 7.338 5.491
61.888 7.360 5.493
61.988 7.382 5.493
62.088 7.404 5.493
62.188 7.426 5.495
62.288 7.448 5.497
62.388 7.468 5.501
62.488 7.488 5.507
62.588 7.503 5.516
62.688 7.510 5.521
62.788 7.488 5.518
62.888 7.478 5.472
62.988 7.466 5.459
63.088 7.466 5.457
63.188 7.471 5.460
63.288 7.471 5.463
63.388 7.465 5.478
63.488 7.470 5.448
63.588 7.502 5.476
63.688 7.506 5.468
63.788 7.501 5.465
63.888 7.518 5.463
63.988 7.510 5.451
64.088 7.516 5.460
64.188 7.517 5.453
64.288 7.524 5.456
64.388 7.524 5.458
64.488 7.524 5.459
64.588 7.514 5.436
64.688 7.524 5.445
64.788 7.514 5.432
64.888 7.514 5.434
64.988 7.524 5.443
65.088 7.517 5.441
65.188 7.526 5.445
65.288 7.521 5.440
65.388 7.510 5.445
65.488 7.529 5.452
65.588 7.511 5.445
65.688 7.515 5.451
65.788 7.518 5.444
65.888 7.505 5.420
65.988 7.524 5.435
66.088 7.517 5.433
66.188 7.518 5.439
66.288 7.509 5.427
66.388 7.514 5.434
66.488 7.521 5.440
66.588 7.512 5.429
66.688 7.516 5.437
66.788 7.508 5.432
66.888 7.507 5.429
66.988 7.508 5.432
67.088 7.506 5.431
67.188 7.510 5.435
67.288 7.505 5.427
67.388 7.501 5.423
67.488 7.497 5.421
67.588 7.502 5.429
67.688 7.498 5.422
67.788 7.494 5.419
67.888 7.488 5.413
67.988 7.484 5.409
68.088 7.477 5.404
68.188 7.470 5.404
68.288 7.480 5.409
68.388 7.477 5.403
68.488 7.469 5.402
68.588 7.449 5.409
68.688 7.455 5.398
68.788 7.457 5.407
68.888 7.466 5.403
68.988 7.449 5.405
69.088 7.460 5.399
69.188 7.464 5.407
69.288 7.468 5.408
69.388 7.472 5.406
69.488 7.461 5.408
69.588 7.452 5.406
69.688 7.458 5.396
69.788 7.464 5.407
69.888 7.469 5.402
69.988 7.470 5.411
70.088 7.484 5.413
70.188 7.479 5.407
70.288 7.458 5.411
70.388 7.469 5.411
70.488 7.475 5.404
70.588 7.468 5.397
70.688 7.472 5.400
70.788 7.459 5.384
70.888 7.454 5.374
70.988 7.462 5.389
71.088 7.463 5.389
71.188 7.468 5.399
71.288 7.478 5.403
71.388 7.476 5.404
71.488 7.485 5.410
71.588 7.480 5.409
71.688 7.457 5.412
71.788 7.471 5.411
71.888 7.472 5.396
71.988 7.476 5.399
72.088 7.474 5.400
72.188 7.471 5.408
72.288 7.472 5.396
72.388 7.455 5.399
72.488 7.471 5.400
72.588 7.463 5.413
72.688 7.426 5.400
72.788 7.447 5.388
72.888 7.460 5.392
72.988 7.473 5.387
73.088 7.480 5.378
73.188 7.489 5.372
73.288 7.497 5.369
73.388 7.497 5.366
73.488 7.497 5.360
73.588 7.499 5.353
73.688 7.499 5.354
73.788 7.499 5.354
73.888 7.499 5.354
73.988 7.498 5.357
74.088 7.499 5.360
74.188 7.499 5.364
74.288 7.499 5.368
74.388 7.499 5.371
74.488 7.499 5.372
74.588 7.460 5.380
74.688 7.460 5.384
74.788 7.461 5.387
74.888 7.463 5.384
74.988 7.455 5.396
75.088 7.456 5.398
75.188 7.458 5.400
75.288 7.458 5.403
75.388 7.457 5.407
75.488 7.456 5.410
75.588 7.457 5.413
75.688 7.457 5.416
75.788 7.455 5.420
75.888 7.460 5.424
75.988 7.465 5.430
76.088 7.469 5.436
76.188 7.509 5.418
76.288 7.503 5.427
76.388 7.473 5.463
76.488 7.468 5.456
76.588 7.461 5.451
76.688 7.474 5.489
76.788 7.493 5.454
76.888 7.509 5.437
76.988 7.496 5.433
77.088 7.470 5.442
77.188 7.474 5.434
77.288 7.470 5.434
77.388 7.490 5.486
77.488 7.480 5.443
77.588 7.484 5.440
77.688 7.480 5.440
77.788 7.461 5.452
77.888 7.486 5.437
77.988 7.458 5.449
78.088 7.481 5.436
78.188 7.473 5.437
78.288 7.468 5.439
78.388 7.469 5.435
78.488 7.467 5.435
78.588 7.471 5.428
78.688 7.437 5.455
78.788 7.490 5.488
78.888 7.499 5.494
78.988 7.504 5.501
79.088 7.509 5.501
79.188 7.514 5.507
79.288 7.510 5.518
79.388 7.521 5.519
79.488 7.527 5.523
79.588 7.538 5.528
79.688 7.554 5.530
79.788 7.575 5.576
79.888 7.584 5.564
79.988 7.594 5.564
80.088 7.606 5.565
80.188 7.616 5.572
80.288 7.625 5.578
80.388 7.636 5.579
80.488 7.645 5.583
80.588 7.645 5.585
80.688 7.650 5.590
80.788 7.657 5.600
80.888 7.664 5.610
80.988 7.671 5.619
81.088 7.678 5.629
81.188 7.685 5.639
81.288 7.685 5.641
81.388 7.685 5.641
81.488 7.685 5.641
81.588 7.685 5.641
81.688 7.685 5.641
81.788 7.685 5.641
81.888 7.685 5.641
81.988 7.685 5.641
82.088 7.685 5.642
82.188 7.685 5.641
82.288 7.685 5.641
82.388 7.685 5.642
82.488 7.685 5.642
82.588 7.683 5.639
82.688 7.684 5.631
82.788 7.684 5.623
82.888 7.685 5.615
82.988 7.685 5.607
83.088 7.685 5.599
83.188 7.686 5.591
83.288 7.686 5.583
83.388 7.688 5.578
83.488 7.700 5.577
83.588 7.712 5.577
83.688 7.724 5.578
83.788 7.736 5.578
83.888 7.748 5.579
83.988 7.760 5.580
84.088 7.772 5.580
84.188 7.784 5.581
84.288 7.796 5.582
84.388 7.804 5.584
84.488 7.811 5.582
84.588 7.812 5.586
84.688 7.813 5.586
84.788 7.814 5.588
84.888 7.821 5.586
84.988 7.833 5.586
85.088 7.845 5.585
85.188 7.850 5.586
85.288 7.862 5.585
85.388 7.866 5.585
85.488 7.878 5.585
85.588 7.885 5.586
85.688 7.893 5.583
85.788 7.905 5.582
85.888 7.908 5.584
85.988 7.916 5.583
86.088 7.924 5.580
86.188 7.929 5.579
86.288 7.933 5.581
86.388 7.937 5.580
86.488 7.940 5.581
86.588 7.939 5.580
86.688 7.948 5.577
86.788 7.955 5.578
86.888 7.962 5.575
86.988 7.961 5.576
87.088 7.962 5.576
87.188 7.962 5.576
87.288 7.961 5.576
87.388 7.961 5.576
87.488 7.964 5.585
87.588 7.965 5.596
87.688 7.965 5.605
87.788 7.964 5.611
87.888 7.962 5.614
87.988 7.959 5.615
88.088 7.957 5.613
88.188 7.955 5.608
88.288 7.961 5.596
88.388 7.963 5.583
88.488 7.962 5.576
88.588 7.962 5.574
88.688 7.968 5.569
88.788 7.974 5.563
88.888 7.980 5.558
88.988 7.986 5.552
89.088 7.992 5.547
89.188 7.998 5.542
89.288 8.004 5.536
89.388 8.010 5.531
89.488 8.016 5.525
89.588 8.014 5.525
89.688 8.007 5.517
89.788 8.000 5.506
89.888 7.993 5.496
89.988 7.986 5.487
90.088 7.978 5.478
90.188 7.971 5.470
90.288 7.964 5.472
90.388 7.960 5.469
90.488 7.957 5.470
90.588 7.953 5.471
90.688 7.941 5.483
90.788 7.943 5.483
90.888 7.956 5.475
90.988 7.951 5.488
91.088 7.959 5.476
91.188 7.967 5.478
91.288 7.974 5.487
91.388 7.981 5.497
91.488 7.989 5.506
91.588 7.994 5.518
91.688 8.002 5.524
91.788 8.010 5.533
91.888 8.018 5.542
91.988 8.026 5.551
92.088 8.034 5.560
92.188 8.042 5.569
92.288 8.050 5.578
92.388 8.058 5.587
92.488 8.066 5.596
92.588 8.074 5.604
92.688 8.071 5.606
92.788 8.080 5.611
92.888 8.088 5.619
92.988 8.096 5.628
93.088 8.104 5.637
93.188 8.112 5.646
93.288 8.120 5.655
93.388 8.128 5.664
93.488 8.136 5.673
93.588 8.141 5.681
93.688 8.141 5.681
93.788 8.141 5.681
93.888 8.141 5.681
93.988 8.141 5.681
94.088 8.141 5.681
94.188 8.141 5.681
94.288 8.141 5.681
94.388 8.141 5.681
94.488 8.142 5.673
94.588 8.144 5.666
94.688 8.146 5.658
94.788 8.148 5.650
94.888 8.151 5.643
94.988 8.156 5.642
95.088 8.167 5.645
95.188 8.179 5.648
95.288 8.191 5.651
95.388 8.202 5.654
95.488 8.214 5.658
95.588 8.221 5.662
95.688 8.221 5.661
95.788 8.221 5.662
95.888 8.222 5.663
95.988 8.222 5.663
96.088 8.221 5.665
96.188 8.225 5.663
96.288 8.237 5.666
96.388 8.248 5.669
96.488 8.260 5.672
96.588 8.271 5.675
96.688 8.283 5.679
96.788 8.294 5.682
96.888 8.306 5.685
96.988 8.318 5.688
97.088 8.329 5.691
97.188 8.341 5.694
97.288 8.352 5.697
97.388 8.364 5.700
97.488 8.376 5.703
97.588 8.387 5.707
97.688 8.399 5.710
97.788 8.410 5.713
97.888 8.422 5.716
97.988 8.433 5.719
98.088 8.445 5.722
98.188 8.457 5.725
98.288 8.461 5.729
98.388 8.461 5.729
98.488 8.461 5.729
98.588 8.461 5.729
98.688 8.461 5.729
98.788 8.461 5.729
98.888 8.461 5.729
98.988 8.461 5.729
99.088 8.461 5.729
99.188 8.461 5.729
99.288 8.461 5.729
99.388 8.466 5.724
99.488 8.472 5.719
99.588 8.479 5.715
99.688 8.485 5.710
99.788 8.492 5.706
99.888 8.499 5.701
99.988 8.498 5.700
100.088 8.491 5.690
100.188 8.484 5.680
100.288 8.477 5.671
100.388 8.470 5.660
100.488 8.464 5.651
100.588 8.457 5.641
100.688 8.450 5.631
100.788 8.450 5.629
100.888 8.450 5.629
100.988 8.449 5.629
101.088 8.449 5.630
101.188 8.449 5.629
101.288 8.449 5.629
101.388 8.451 5.630
101.488 8.454 5.635
101.588 8.454 5.635
101.688 8.455 5.634
101.788 8.456 5.634
101.888 8.455 5.633
101.988 8.454 5.634
102.088 8.454 5.634
102.188 8.460 5.642
102.288 8.466 5.652
102.388 8.473 5.662
102.488 8.479 5.672
102.588 8.486 5.682
102.688 8.492 5.693
102.788 8.498 5.703
102.888 8.505 5.713
102.988 8.511 5.723
103.088 8.518 5.733
103.188 8.524 5.743
103.288 8.530 5.754
103.388 8.535 5.762
103.488 8.535 5.762
103.588 8.535 5.762
103.688 8.535 5.762
103.788 8.535 5.762
103.888 8.535 5.762
103.988 8.535 5.762
104.088 8.535 5.762
104.188 8.535 5.762
104.288 8.535 5.762
104.388 8.535 5.762
104.488 8.535 5.762
104.588 8.535 5.762
104.688 8.535 5.762
104.788 8.534 5.754
104.888 8.536 5.747
104.988 8.537 5.739
105.088 8.538 5.731
105.188 8.539 5.723
105.288 8.540 5.715
105.388 8.541 5.707
105.488 8.543 5.707
105.588 8.555 5.707
105.688 8.567 5.708
105.788 8.578 5.710
105.888 8.590 5.712
105.988 8.602 5.714
106.088 8.614 5.715
106.188 8.626 5.717
106.288 8.638 5.719
106.388 8.650 5.720
106.488 8.650 5.723
106.588 8.649 5.721
106.688 8.649 5.721
106.788 8.649 5.722
106.888 8.649 5.723
106.988 8.649 5.724
107.088 8.649 5.723
107.188 8.648 5.724
107.288 8.649 5.725
107.388 8.648 5.724
107.488 8.649 5.724
107.588 8.649 5.724
107.688 8.648 5.724
107.788 8.648 5.725
107.888 8.648 5.726
107.988 8.648 5.724
108.088 8.648 5.725
108.188 8.648 5.724
108.288 8.648 5.724
108.388 8.647 5.725
108.488 8.655 5.725
108.588 8.667 5.726
108.688 8.679 5.729
108.788 8.691 5.731
108.888 8.703 5.733
108.988 8.714 5.735
109.088 8.726 5.737
109.188 8.726 5.740
109.288 8.726 5.740
109.388 8.726 5.740
109.488 8.726 5.740
109.588 8.726 5.740
109.688 8.726 5.740
109.788 8.726 5.740
109.888 8.726 5.740
109.988 8.726 5.740
110.088 8.726 5.740
110.188 8.726 5.740
110.288 8.726 5.740
110.388 8.726 5.740
110.488 8.726 5.740
110.588 8.726 5.740
110.688 8.732 5.737
110.788 8.740 5.734
110.888 8.747 5.731
110.988 8.754 5.728
111.088 8.762 5.725
111.188 8.769 5.723
111.288 8.777 5.720
111.388 8.784 5.717
111.488 8.792 5.714
111.588 8.798 5.712
111.688 8.794 5.703
111.788 8.790 5.692
111.888 8.785 5.681
111.988 8.781 5.670
112.088 8.777 5.658
112.188 8.773 5.647
112.288 8.769 5.636
112.388 8.764 5.624
112.488 8.760 5.613
112.588 8.756 5.602
112.688 8.752 5.591
112.788 8.749 5.581
112.888 8.752 5.587
112.988 8.756 5.598
113.088 8.760 5.609
113.188 8.764 5.620
113.288 8.769 5.631
113.388 8.773 5.643
113.488 8.777 5.654
113.588 8.777 5.657
113.688 8.777 5.657
113.788 8.776 5.657
113.888 8.775 5.657
113.988 8.777 5.665
114.088 8.777 5.664
114.188 8.778 5.665
114.288 8.779 5.670
114.388 8.782 5.677
114.488 8.782 5.679
114.588 8.783 5.680
114.688 8.782 5.680
114.788 8.783 5.680
114.888 8.783 5.680
114.988 8.783 5.679
115.088 8.782 5.679
115.188 8.783 5.679
115.288 8.785 5.684
115.388 8.789 5.693
115.488 8.789 5.695
115.588 8.789 5.696
115.688 8.789 5.696
115.788 8.789 5.695
115.888 8.789 5.695
115.988 8.789 5.696
116.088 8.789 5.695
116.188 8.789 5.695
116.288 8.789 5.695
116.388 8.789 5.695
116.488 8.789 5.695
116.588 8.789 5.695
116.688 8.789 5.695
116.788 8.789 5.695
116.888 8.789 5.695
116.988 8.789 5.695
117.088 8.789 5.696
117.188 8.789 5.695
117.288 8.788 5.687
117.388 8.788 5.679
117.488 8.787 5.671
117.588 8.787 5.663
117.688 8.787 5.655
117.788 8.787 5.647
117.888 8.787 5.639
117.988 8.787 5.631
118.088 8.786 5.623
118.188 8.786 5.615
118.288 8.786 5.608
118.388 8.791 5.605
118.488 8.803 5.605
118.588 8.815 5.605
118.688 8.827 5.605
118.788 8.839 5.604
118.888 8.851 5.604
118.988 8.863 5.604
119.088 8.875 5.604
119.188 8.887 5.604
119.288 8.899 5.603
119.388 8.911 5.603
119.488 8.923 5.603
119.588 8.935 5.603
119.688 8.935 5.605
119.788 8.936 5.604
119.888 8.935 5.604
119.988 8.936 5.603
120.088 8.936 5.603
120.188 8.948 5.601
120.288 8.960 5.602
120.388 8.972 5.602
120.488 8.984 5.602
120.588 8.996 5.602
120.688 9.008 5.602
120.788 9.020 5.603
120.888 9.032 5.603
120.988 9.044 5.603
121.088 9.048 5.604
121.188 9.048 5.604
121.288 9.048 5.604
121.388 9.048 5.604
121.488 9.048 5.605
121.588 9.048 5.605
121.688 9.048 5.605
121.788 9.048 5.605
121.888 9.048 5.606
121.988 9.048 5.606
122.088 9.048 5.606
122.188 9.048 5.607
122.288 9.048 5.607
122.388 9.046 5.610
122.488 9.036 5.615
122.588 9.024 5.621
122.688 9.009 5.630
122.788 8.995 5.636
122.888 8.984 5.639
122.988 8.977 5.643
123.088 9.000 5.635
123.188 8.990 5.637
123.288 8.979 5.638
123.388 8.967 5.639
123.488 8.955 5.638
123.588 8.939 5.640
123.688 8.922 5.640
123.788 9.017 5.621
123.888 9.032 5.624
123.988 9.019 5.639
124.088 9.019 5.649
124.188 9.058 5.624
124.288 9.020 5.668
124.388 9.055 5.681
124.488 9.025 5.653
124.588 9.010 5.655
124.688 9.000 5.618
124.788 9.039 5.665
124.888 9.016 5.677
124.988 9.040 5.689
125.088 9.019 5.663
125.188 9.021 5.652
125.288 9.036 5.677
125.388 9.035 5.660
125.488 9.042 5.520
125.588 9.073 5.662
125.688 9.017 5.616
125.788 9.035 5.587
125.888 9.012 5.598
125.988 9.035 5.551
126.088 9.019 5.590
126.188 9.035 5.540
126.288 9.004 5.559
126.388 9.047 5.548
126.488 9.035 5.572
126.588 9.008 5.541
126.688 9.043 5.525
126.788 9.019 5.519
126.888 9.041 5.532
126.988 9.016 5.503
127.088 9.027 5.489
127.188 9.004 5.474
127.288 9.044 5.494
127.388 9.015 5.487
127.488 9.085 5.490
127.588 9.020 5.480
127.688 9.067 5.444
127.788 9.016 5.468
127.888 9.018 5.435
127.988 9.012 5.443
128.088 9.010 5.433
128.188 9.026 5.434
128.288 9.028 5.471
128.388 8.909 5.369
128.488 8.940 5.363
128.588 8.931 5.368
128.688 8.927 5.369
128.788 9.027 5.137
128.888 9.018 5.473
128.988 8.856 5.319
129.088 8.879 5.364
129.188 8.908 5.350
129.288 8.935 5.345
129.388 8.940 5.341
129.488 8.948 5.341
129.588 8.956 5.343
129.688 8.965 5.350
129.788 8.972 5.352
129.888 8.971 5.352
129.988 8.963 5.349
130.088 8.970 5.349
130.188 8.981 5.356
130.288 8.995 5.363
130.388 8.996 5.364
130.488 8.997 5.372
130.588 8.999 5.379
130.688 9.001 5.387
130.788 9.003 5.395
130.888 9.005 5.403
130.988 9.006 5.410
131.088 9.006 5.417
131.188 9.007 5.425
131.288 9.008 5.432
131.388 9.009 5.439
131.488 9.009 5.446
131.588 9.010 5.453
131.688 9.011 5.460
131.788 9.012 5.464
131.888 9.016 5.462
131.988 9.021 5.456
132.088 9.021 5.452
132.188 9.022 5.449
132.288 9.022 5.446
132.388 9.022 5.443
132.488 9.023 5.441
132.588 9.022 5.437
132.688 9.022 5.434
132.788 9.022 5.431
132.888 9.022 5.428
132.988 9.022 5.425
133.088 9.023 5.423
133.188 9.022 5.420
133.288 9.022 5.417
133.388 9.022 5.413
133.488 9.022 5.409
133.588 9.022 5.410
133.688 9.022 5.407
133.788 9.022 5.404
133.888 9.022 5.400
133.988 9.022 5.398
134.088 9.022 5.394
134.188 9.022 5.392
134.288 9.022 5.389
134.388 9.021 5.385
134.488 9.022 5.383
134.588 9.022 5.380
134.688 9.022 5.377
134.788 9.022 5.374
134.888 9.022 5.371
134.988 9.022 5.368
135.088 9.022 5.365
135.188 9.021 5.362
135.288 9.022 5.359
135.388 9.023 5.356
135.488 9.022 5.354
135.588 9.022 5.350
135.688 9.021 5.347
135.788 9.022 5.345
135.888 9.022 5.342
135.988 9.022 5.339
136.088 9.022 5.336
136.188 9.017 5.329
136.288 9.001 5.321
136.388 8.992 5.319
136.488 8.981 5.316
136.588 8.968 5.313
136.688 8.962 5.312
136.788 9.071 5.336
136.888 9.088 5.225
136.988 9.054 5.244
137.088 9.015 5.322
137.188 8.868 5.481
137.288 9.026 5.434
137.388 9.011 5.384
137.488 9.000 5.292
137.588 9.017 5.342
137.688 9.059 5.301
137.788 9.060 5.277
137.888 9.043 5.372
137.988 9.045 5.341
138.088 9.043 5.344
138.188 9.058 5.345
138.288 9.061 5.283
138.388 9.053 5.304
138.488 9.063 5.234
138.588 9.044 5.245
138.688 9.082 5.253
138.788 9.045 5.244
138.888 9.028 5.317
138.988 9.015 5.356
139.088 9.070 5.339
139.188 9.040 5.359
139.288 9.015 5.377
139.388 9.016 5.358
139.488 9.084 5.344
139.588 9.077 5.343
139.688 9.013 5.364
139.788 9.030 5.351
139.888 9.039 5.365
139.988 9.056 5.390
140.088 9.019 5.338
140.188 9.026 5.343
140.288 9.020 5.338
140.388 9.046 5.328
140.488 9.040 5.392
140.588 9.067 5.385
140.688 8.995 5.386
140.788 9.018 5.379
140.888 9.071 5.435
140.988 9.024 5.419
141.088 9.041 5.447
141.188 9.017 5.440
141.288 9.018 5.478
141.388 9.021 5.458
141.488 9.017 5.484
141.588 9.014 5.494
141.688 9.016 5.516
141.788 9.052 5.492
141.888 9.018 5.506
141.988 9.025 5.541
142.088 9.016 5.555
142.188 9.023 5.560
142.288 9.030 5.556
142.388 9.016 5.543
142.488 9.042 5.555
142.588 9.022 5.534
142.688 9.010 5.556
142.788 9.017 5.550
142.888 9.067 5.519
142.988 9.014 5.470
143.088 9.017 5.444
143.188 9.006 5.489
143.288 9.027 5.507
143.388 9.018 5.540
143.488 9.074 5.641
143.588 9.027 5.502
143.688 9.018 5.733
143.788 9.023 5.617
143.888 9.054 5.552
143.988 9.032 5.447
144.088 9.017 5.461
144.188 9.074 5.454
144.288 9.019 5.500
144.388 9.030 5.524
144.488 9.017 5.531
144.588 9.016 5.549
144.688 9.013 5.586
144.788 9.016 5.584
144.888 8.977 5.453
144.988 8.997 5.459
145.088 9.009 5.461
145.188 9.012 5.461
145.288 9.008 5.459
145.388 9.007 5.458
145.488 9.019 5.464
145.588 9.024 5.467
145.688 9.025 5.467
145.788 9.024 5.470
145.888 9.024 5.477
145.988 9.025 5.484
146.088 9.025 5.492
146.188 9.025 5.500
146.288 9.026 5.508
146.388 9.026 5.517
146.488 9.027 5.525
146.588 9.027 5.533
146.688 9.028 5.541
146.788 9.028 5.549
146.888 9.029 5.557
146.988 9.029 5.565
147.088 9.029 5.573
147.188 9.030 5.581
147.288 9.031 5.589
147.388 9.031 5.597
147.488 9.032 5.597
147.588 9.044 5.599
147.688 9.048 5.598
147.788 9.048 5.597
147.888 9.048 5.597
147.988 9.048 5.597
148.088 9.048 5.596
148.188 9.048 5.595
148.288 9.048 5.595
148.388 9.048 5.594
148.488 9.048 5.593
148.588 9.048 5.593
148.688 9.048 5.592
148.788 9.048 5.592
148.888 9.048 5.591
148.988 9.048 5.590
149.088 9.048 5.590
149.188 9.048 5.589
149.288 9.048 5.589
149.388 9.048 5.588
149.488 9.048 5.587
149.588 9.048 5.586
149.688 9.048 5.584
149.788 9.048 5.584
149.888 9.049 5.584
149.988 9.049 5.584
150.088 9.049 5.584
150.188 9.049 5.584
150.288 9.039 5.579
150.388 9.028 5.573
150.488 9.012 5.564
150.588 8.994 5.553
150.688 8.917 5.569
150.788 9.062 5.554
150.888 9.004 5.564
150.988 9.002 5.564
151.088 8.968 5.542
151.188 9.048 5.585
151.288 8.951 5.548
151.388 8.938 5.471
151.488 9.016 5.669
151.588 9.026 5.629
151.688 9.023 5.556
151.788 9.024 5.553
151.888 9.020 5.569
151.988 9.033 5.583
152.088 9.006 5.504
152.188 9.004 5.551
152.288 9.016 5.433
152.388 9.053 5.546
152.488 9.044 5.550
152.588 9.044 5.532
152.688 9.061 5.557
152.788 9.051 5.526
152.888 9.054 5.474
152.988 9.051 5.465
153.088 9.053 5.583
153.188 9.010 5.551
153.288 9.016 5.575
153.388 9.013 5.570
153.488 8.981 5.528
153.588 9.015 5.554
153.688 9.003 5.525
153.788 9.011 5.542
153.888 9.018 5.551
153.988 9.021 5.552
154.088 9.039 5.586
154.188 9.016 5.550
154.288 9.052 5.521
154.388 9.077 5.566
154.488 9.028 5.531
154.588 9.009 5.577
154.688 9.047 5.550
154.788 9.013 5.552
154.888 9.061 5.536
154.988 9.016 5.533
155.088 9.029 5.569
155.188 9.016 5.571
155.288 9.016 5.555
155.388 9.015 5.569
155.488 9.010 5.596
155.588 9.059 5.613
155.688 9.016 5.639
155.788 9.065 5.621
155.888 9.018 5.618
155.988 9.014 5.645
156.088 9.030 5.673
156.188 9.018 5.658
156.288 9.017 5.660
156.388 9.042 5.699
156.488 9.054 5.697
156.588 9.017 5.715
156.688 9.030 5.708
156.788 9.011 5.756
156.888 9.020 5.732
156.988 9.042 5.765
157.088 9.083 5.757
157.188 9.003 5.726
157.288 9.031 5.795
157.388 9.017 5.780
157.488 9.076 5.797
157.588 9.015 5.773
157.688 9.039 5.774
157.788 9.017 5.756
157.888 9.013 5.749
157.988 9.016 5.738
158.088 9.000 5.687
158.188 9.040 5.801
158.288 9.048 5.795
158.388 9.039 5.815
158.488 9.060 5.828
158.588 9.019 5.830
158.688 9.080 5.860
158.788 9.009 5.877
158.888 9.020 5.903
158.988 9.050 5.882
159.088 9.078 5.953
159.188 9.068 5.745
159.288 9.033 5.739
159.388 9.011 5.745
159.488 9.002 5.779
159.588 9.019 5.808
159.688 9.016 5.816
159.788 9.013 5.832
159.888 9.018 5.864
159.988 9.022 5.860
160.088 8.959 5.738
160.188 8.972 5.720
160.288 9.012 5.740
160.388 9.029 5.743
160.488 9.031 5.743
160.588 9.031 5.743
160.688 9.030 5.743
160.788 9.030 5.743
160.888 9.030 5.743
160.988 9.030 5.743
161.088 9.031 5.743
161.188 9.031 5.743
161.288 9.030 5.743
161.388 9.027 5.751
161.488 9.027 5.759
161.588 9.026 5.767
161.688 9.025 5.775
161.788 9.025 5.782
161.888 9.024 5.790
161.988 9.023 5.798
162.088 9.022 5.806
162.188 9.020 5.814
162.288 9.019 5.822
162.388 9.018 5.830
162.488 9.017 5.838
162.588 9.016 5.846
162.688 9.015 5.854
162.788 9.014 5.862
162.888 9.013 5.870
162.988 9.012 5.878
163.088 9.011 5.885
163.188 9.010 5.893
163.288 9.011 5.894
163.388 9.023 5.897
163.488 9.035 5.899
163.588 9.047 5.900
163.688 9.047 5.902
163.788 9.047 5.904
163.888 9.047 5.905
163.988 9.047 5.907
164.088 9.047 5.908
164.188 9.047 5.910
164.288 9.047 5.911
164.388 9.047 5.913
164.488 9.047 5.914
164.588 9.047 5.916
164.688 9.047 5.917
164.788 9.047 5.919
164.888 9.047 5.921
164.988 9.047 5.922
165.088 9.047 5.923
165.188 9.047 5.925
165.288 9.047 5.927
165.388 9.047 5.928
165.488 9.047 5.930
165.588 9.047 5.931
165.688 9.047 5.929
165.788 9.047 5.929
165.888 9.047 5.930
165.988 9.047 5.930
166.088 9.047 5.930
166.188 9.047 5.930
166.288 9.047 5.930
166.388 9.047 5.930
166.488 9.047 5.930
166.588 9.047 5.929
166.688 9.047 5.929
166.788 9.046 5.929
166.888 9.036 5.926
166.988 9.028 5.925
167.088 9.019 5.923
167.188 9.012 5.922
167.288 9.009 5.912
167.388 8.998 5.909
167.488 8.979 5.904
167.588 8.973 5.909
167.688 8.961 5.903
167.788 8.948 5.907
167.888 8.937 5.908
167.988 9.071 5.930
168.088 9.016 5.963
168.188 9.016 5.921
168.288 9.060 5.864
168.388 9.041 5.877
168.488 9.061 5.845
168.588 9.043 6.004
168.688 9.012 5.845
168.788 9.015 5.746
168.888 9.015 5.776
168.988 9.052 5.903
169.088 9.058 5.846
169.188 9.082 5.844
169.288 9.099 5.927
169.388 9.017 5.819
169.488 9.015 5.920
169.588 9.044 5.918
169.688 9.012 5.885
169.788 9.013 5.892
169.888 9.010 5.883
169.988 9.058 5.853
170.088 9.080 5.896
170.188 9.019 5.885
170.288 9.064 5.892
170.388 9.068 5.871
170.488 9.015 5.867
170.588 9.050 5.872
170.688 9.016 5.868
170.788 9.081 5.873
170.888 9.060 5.866
170.988 9.000 5.848
171.088 9.069 5.853
171.188 9.023 5.852
171.288 9.015 5.827
171.388 9.011 5.852
171.488 9.067 5.769
171.588 9.016 5.826
171.688 9.034 5.851
171.788 9.054 5.850
171.888 9.014 5.832
171.988 9.011 5.849
172.088 9.076 5.856
172.188 9.009 5.863
172.288 9.016 5.867
172.388 9.017 5.875
172.488 9.078 5.881
172.588 9.019 5.892
172.688 9.040 5.925
172.788 9.011 5.928
172.888 9.013 5.947
172.988 9.015 5.960
173.088 9.012 5.948
173.188 9.054 5.946
173.288 9.011 5.973
173.388 9.021 5.953
173.488 9.011 5.976
173.588 9.034 5.964
173.688 9.016 6.006
173.788 9.017 5.999
173.888 9.017 6.004
173.988 9.017 6.017
174.088 8.998 6.039
174.188 8.999 6.022
174.288 9.020 5.999
174.388 8.999 6.060
174.488 9.063 6.093
174.588 9.012 6.056
174.688 9.016 6.041
174.788 9.013 6.063
174.888 8.976 6.046
174.988 9.034 6.026
175.088 9.018 6.021
175.188 9.015 6.043
175.288 9.004 5.964
175.388 9.018 6.006
175.488 9.021 6.071
175.588 9.066 6.000
175.688 9.021 6.054
175.788 9.017 6.060
175.888 9.016 6.122
175.988 8.943 6.008
176.088 8.914 6.049
176.188 8.939 6.092
176.288 8.935 6.062
176.388 8.935 6.061
176.488 8.915 6.069
176.588 8.859 6.070
176.688 8.924 6.054
176.788 9.081 5.798
176.888 8.917 6.050
176.988 9.052 5.875
177.088 8.906 6.051
177.188 8.939 6.042
177.288 8.945 6.031
177.388 8.951 6.033
177.488 8.958 6.035
177.588 8.950 6.029
177.688 9.001 6.069
177.788 8.997 6.064
177.888 8.995 6.059
177.988 8.999 6.056
178.088 9.003 6.056
178.188 9.003 6.056
178.288 9.003 6.056
178.388 9.003 6.056
178.488 9.003 6.056
178.588 9.003 6.056
178.688 9.003 6.056
178.788 9.003 6.056
178.888 9.003 6.056
178.988 8.998 6.059
179.088 8.999 6.059
179.188 8.998 6.064
179.288 8.997 6.071
179.388 8.995 6.079
179.488 8.993 6.086
179.588 8.991 6.094
179.688 8.988 6.102
179.788 8.986 6.110
179.888 8.984 6.117
179.988 8.981 6.125
180.088 8.979 6.132
180.188 8.977 6.140
180.288 8.974 6.148
180.388 8.972 6.155
180.488 8.970 6.163
180.588 8.967 6.171
180.688 8.965 6.178
180.788 8.963 6.186
180.888 8.960 6.194
180.988 8.958 6.201
181.088 8.956 6.209
181.188 8.953 6.217
181.288 8.951 6.224
181.388 8.951 6.229
181.488 8.962 6.235
181.588 8.974 6.239
181.688 8.985 6.242
181.788 8.997 6.245
181.888 9.000 6.253
181.988 9.002 6.262
182.088 9.005 6.272
182.188 9.011 6.277
182.288 9.013 6.282
182.388 9.013 6.285
182.488 9.013 6.289
182.588 9.013 6.293
182.688 9.013 6.297
182.788 9.013 6.300
182.888 9.014 6.302
182.988 9.013 6.307
183.088 9.014 6.309
183.188 9.013 6.314
183.288 9.014 6.316
183.388 9.014 6.320
183.488 9.018 6.328
183.588 9.162 6.386
183.688 9.019 6.297
183.788 9.041 6.293
183.888 9.043 6.241
183.988 9.059 6.326
184.088 9.141 6.421
184.188 9.055 6.339
184.288 9.072 6.307
184.388 9.070 6.401
184.488 9.073 6.392
184.588 9.120 6.392
184.688 9.024 6.352
184.788 9.060 6.343
184.888 9.155 6.402
184.988 9.059 6.335
185.088 9.066 6.337
185.188 9.076 6.327
185.288 9.084 6.326
185.388 9.088 6.323
185.488 9.088 6.323
185.588 9.089 6.323
185.688 9.089 6.323
185.788 9.089 6.323
185.888 9.089 6.323
185.988 9.089 6.323
186.088 9.089 6.323
186.188 9.089 6.323
186.288 9.089 6.323
186.388 9.089 6.323
186.488 9.089 6.323
186.588 9.089 6.323
186.688 9.089 6.323
186.788 9.089 6.323
186.888 9.089 6.323
186.988 9.089 6.323
187.088 9.089 6.323
187.188 9.089 6.323
187.288 9.089 6.323
187.388 9.089 6.326
187.488 9.085 6.335
187.588 9.083 6.343
187.688 9.077 6.354
187.788 9.060 6.358
187.888 9.072 6.376
187.988 9.009 6.361
188.088 9.023 6.364
188.188 9.035 6.366
188.288 9.045 6.380
188.388 9.047 6.380
188.488 9.051 6.390
188.588 9.032 6.378
188.688 9.007 6.368
188.788 9.006 6.369
188.888 9.002 6.369
188.988 9.001 6.367
189.088 8.997 6.366
189.188 8.999 6.363
189.288 9.209 6.394
189.388 9.217 6.397
189.488 9.202 6.394
189.588 9.232 6.402
189.688 9.055 6.370
189.788 9.267 6.399
189.888 9.244 6.403
189.988 9.247 6.401
190.088 9.270 6.410
190.188 9.177 6.386
190.288 9.223 6.401
190.388 9.228 6.400
190.488 9.247 6.406
190.588 9.249 6.401
190.688 9.221 6.395
190.788 9.250 6.402
190.888 9.258 6.402
190.988 9.226 6.398
191.088 9.271 6.407
191.188 9.238 6.402
191.288 9.241 6.404
191.388 9.058 6.392
191.488 9.062 6.376
191.588 9.065 6.373
191.688 9.072 6.376
191.788 9.080 6.373
191.888 9.087 6.377
191.988 9.094 6.382
192.088 9.101 6.391
192.188 9.108 6.397
192.288 9.114 6.434
192.388 9.099 6.441
192.488 9.123 6.429
192.588 9.131 6.432
192.688 9.134 6.439
192.788 9.144 6.442
192.888 9.172 6.519
192.988 9.186 6.515
193.088 9.196 6.513
193.188 9.204 6.517
193.288 9.216 6.513
193.388 9.225 6.516
193.488 9.236 6.515
193.588 9.246 6.514
193.688 9.258 6.513
193.788 9.268 6.512
193.888 9.280 6.509
193.988 9.288 6.517
194.088 9.297 6.525
194.188 9.304 6.532
194.288 9.307 6.536
194.388 9.310 6.558
194.488 9.313 6.587
194.588 9.319 6.611
194.688 9.328 6.631
194.788 9.339 6.651
194.888 9.350 6.670
194.988 9.362 6.691
195.088 9.372 6.710
195.188 9.386 6.727
195.288 9.399 6.745
195.388 9.413 6.762
195.488 9.427 6.780
195.588 9.444 6.782
195.688 9.467 6.781
195.788 9.489 6.781
195.888 9.511 6.781
195.988 9.534 6.785
196.088 9.548 6.807
196.188 9.559 6.829
196.288 9.570 6.855
196.388 9.582 6.882
196.488 9.592 6.905
196.588 9.605 6.930
196.688 9.618 6.952
196.788 9.633 6.971
196.888 9.648 6.990
196.988 9.664 7.009
197.088 9.680 7.024
197.188 9.698 7.037
197.288 9.716 7.049
197.388 9.734 7.062
197.488 9.752 7.074
197.588 9.770 7.069
197.688 9.791 7.063
197.788 9.812 7.056
197.888 9.834 7.050
197.988 9.855 7.044
198.088 9.877 7.039
198.188 9.899 7.033
198.288 9.922 7.033
198.388 9.940 7.043
198.488 9.958 7.067
198.588 9.974 7.085
198.688 9.991 7.104
198.788 10.009 7.121
198.888 10.026 7.139
198.988 10.044 7.154
199.088 10.063 7.166
199.188 10.082 7.180
199.288 10.102 7.195
199.388 10.123 7.215
199.488 10.143 7.235
199.588 10.162 7.252
199.688 10.183 7.266
199.788 10.204 7.279
199.888 10.225 7.292
199.988 10.246 7.304
200.088 10.268 7.316
200.188 10.290 7.327
200.288 10.311 7.336
200.388 10.333 7.342
200.488 10.354 7.348
200.588 10.372 7.347
200.688 10.389 7.335
200.788 10.406 7.322
200.888 10.422 7.306
200.988 10.437 7.290
201.088 10.453 7.274
201.188 10.467 7.257
201.288 10.482 7.240
201.388 10.496 7.223
201.488 10.509 7.205
201.588 10.523 7.187
201.688 10.536 7.169
201.788 10.548 7.150
201.888 10.560 7.131
201.988 10.572 7.112
202.088 10.583 7.093
202.188 10.594 7.073
202.288 10.604 7.053
202.388 10.614 7.033
202.488 10.623 7.013
202.588 10.632 6.992
202.688 10.641 6.972
202.788 10.649 6.951
202.888 10.657 6.930
202.988 10.664 6.909
203.088 10.670 6.887
203.188 10.676 6.866
203.288 10.682 6.844
203.388 10.687 6.822
203.488 10.691 6.801
203.588 10.696 6.779
203.688 10.699 6.756
203.788 10.701 6.734
203.888 10.704 6.712
203.988 10.705 6.689
204.088 10.706 6.667
204.188 10.707 6.645
204.288 10.707 6.623
204.388 10.707 6.600
204.488 10.705 6.578
204.588 10.704 6.555
204.688 10.702 6.534
204.788 10.700 6.511
204.888 10.697 6.489
204.988 10.694 6.467
205.088 10.690 6.445
205.188 10.686 6.423
205.288 10.682 6.401
205.388 10.677 6.379
205.488 10.672 6.357
205.588 10.667 6.335
205.688 10.661 6.314
205.788 10.655 6.292
205.888 10.661 6.272
205.988 10.677 6.254
206.088 10.690 6.236
206.188 10.704 6.217
206.288 10.714 6.198
206.388 10.721 6.178
206.488 10.730 6.158
206.588 10.738 6.138
206.688 10.735 6.118
206.788 10.724 6.098
206.888 10.714 6.079
206.988 10.704 6.058
207.088 10.694 6.038
207.188 10.684 6.018
207.288 10.674 5.998
207.388 10.663 5.979
207.488 10.652 5.959
207.588 10.641 5.940
207.688 10.630 5.921
207.788 10.618 5.902
207.888 10.605 5.883
207.988 10.593 5.864
208.088 10.580 5.846
208.188 10.567 5.828
208.288 10.553 5.810
208.388 10.540 5.792
208.488 10.526 5.775
208.588 10.512 5.758
208.688 10.498 5.740
208.788 10.505 5.719
208.888 10.515 5.695
208.988 10.523 5.672
209.088 10.531 5.648
209.188 10.539 5.624
209.288 10.542 5.601
209.388 10.544 5.579
209.488 10.527 5.575
209.588 10.514 5.571
209.688 10.509 5.583
209.788 10.514 5.578
209.888 10.514 5.575
209.988 10.512 5.578
210.088 10.513 5.589
210.188 10.507 5.581
210.288 10.502 5.580
210.388 10.491 5.579
210.488 10.488 5.578
210.588 10.489 5.577
210.688 10.488 5.578
210.788 10.489 5.577
210.888 10.489 5.577
210.988 10.494 5.564
211.088 10.500 5.551
211.188 10.506 5.542
211.288 10.506 5.541
211.388 10.506 5.541
211.488 10.506 5.541
211.588 10.506 5.541
211.688 10.506 5.541
211.788 10.502 5.541
211.888 10.494 5.540
211.988 10.486 5.539
212.088 10.478 5.538
212.188 10.470 5.537
212.288 10.472 5.537
212.388 10.470 5.551
212.488 10.469 5.563
212.588 10.467 5.575
212.688 10.466 5.587
212.788 10.464 5.599
212.888 10.464 5.597
212.988 10.454 5.578
213.088 10.447 5.560
213.188 10.439 5.538
213.288 10.431 5.517
213.388 10.422 5.497
213.488 10.414 5.500
213.588 10.404 5.500
213.688 10.395 5.500
213.788 10.386 5.500
213.888 10.376 5.500
213.988 10.367 5.500
214.088 10.358 5.500
214.188 10.349 5.500
214.288 10.340 5.486
214.388 10.332 5.465
214.488 10.324 5.457
214.588 10.325 5.456
214.688 10.318 5.464
214.788 10.305 5.474
214.888 10.297 5.464
214.988 10.291 5.446
215.088 10.285 5.430
215.188 10.282 5.423
215.288 10.289 5.404
215.388 10.291 5.405
215.488 10.284 5.404
215.588 10.277 5.401
215.688 10.269 5.401
215.788 10.263 5.401
215.888 10.255 5.401
215.988 10.250 5.401
216.088 10.245 5.386
216.188 10.242 5.367
216.288 10.240 5.348
216.388 10.240 5.326
216.488 10.243 5.303
216.588 10.244 5.281
216.688 10.244 5.262
216.788 10.245 5.242
216.888 10.245 5.225
216.988 10.241 5.219
217.088 10.223 5.221
217.188 10.209 5.217
217.288 10.203 5.207
217.388 10.216 5.188
217.488 10.231 5.176
217.588 10.215 5.176
217.688 10.220 5.164
217.788 10.239 5.152
217.888 10.254 5.147
217.988 10.244 5.146
218.088 10.220 5.146
218.188 10.198 5.143
218.288 10.179 5.138
218.388 10.161 5.132
218.488 10.144 5.127
218.588 10.125 5.122
218.688 10.106 5.115
218.788 10.089 5.107
218.888 10.073 5.100
218.988 10.057 5.092
219.088 10.041 5.084
219.188 10.024 5.075
219.288 10.012 5.065
219.388 10.017 5.052
219.488 10.026 5.039
219.588 10.045 5.027
219.688 10.064 5.016
219.788 10.083 5.003
219.888 10.101 4.990
219.988 10.119 4.977
220.088 10.137 4.964
220.188 10.154 4.950
220.288 10.172 4.935
220.388 10.188 4.920
220.488 10.205 4.905
220.588 10.221 4.889
220.688 10.236 4.874
220.788 10.251 4.857
220.888 10.266 4.840
220.988 10.280 4.823
221.088 10.294 4.805
221.188 10.308 4.788
221.288 10.321 4.770
221.388 10.335 4.758
221.488 10.323 4.753
221.588 10.324 4.749
221.688 10.302 4.748
221.788 10.280 4.748
221.888 10.258 4.746
221.988 10.235 4.744
222.088 10.213 4.742
222.188 10.191 4.739
222.288 10.169 4.735
222.388 10.147 4.731
222.488 10.125 4.727
222.588 10.103 4.722
222.688 10.082 4.717
222.788 10.060 4.711
222.888 10.038 4.705
222.988 10.017 4.698
223.088 10.006 4.687
223.188 10.005 4.674
223.288 10.021 4.661
223.388 10.040 4.648
223.488 10.058 4.635
223.588 10.076 4.622
223.688 10.094 4.609
223.788 10.111 4.594
223.888 10.129 4.580
223.988 10.145 4.565
224.088 10.162 4.550
224.188 10.178 4.535
224.288 10.194 4.519
224.388 10.209 4.503
224.488 10.224 4.486
224.588 10.239 4.470
224.688 10.254 4.453
224.788 10.268 4.435
224.888 10.281 4.417
224.988 10.294 4.399
225.088 10.307 4.381
225.188 10.319 4.362
225.288 10.331 4.343
225.388 10.342 4.324
225.488 10.353 4.304
225.588 10.363 4.284
225.688 10.373 4.264
225.788 10.383 4.244
225.888 10.392 4.224
225.988 10.401 4.203
226.088 10.409 4.183
226.188 10.417 4.162
226.288 10.425 4.140
226.388 10.432 4.119
226.488 10.438 4.098
226.588 10.444 4.076
226.688 10.450 4.055
226.788 10.454 4.033
226.888 10.459 4.011
226.988 10.463 3.989
227.088 10.467 3.967
227.188 10.470 3.945
227.288 10.473 3.923
227.388 10.475 3.900
227.488 10.473 3.902
227.588 10.469 3.901
227.688 10.463 3.901
227.788 10.459 3.901
227.888 10.452 3.901
227.988 10.447 3.886
228.088 10.445 3.866
228.188 10.443 3.854
228.288 10.437 3.852
228.388 10.431 3.851
228.488 10.423 3.851
228.588 10.416 3.851
228.688 10.408 3.851
228.788 10.401 3.851
228.888 10.396 3.840
228.988 10.389 3.831
229.088 10.381 3.821
229.188 10.375 3.809
229.288 10.373 3.804
229.388 10.368 3.802
229.488 10.361 3.801
229.588 10.355 3.801
229.688 10.348 3.800
229.788 10.345 3.779
229.888 10.343 3.761
229.988 10.345 3.749
230.088 10.340 3.740
230.188 10.334 3.724
230.288 10.331 3.707
230.388 10.329 3.689
230.488 10.328 3.670
230.588 10.328 3.672
230.688 10.328 3.672
230.788 10.328 3.672
230.888 10.328 3.672
230.988 10.328 3.672
231.088 10.328 3.672
231.188 10.333 3.667
231.288 10.339 3.662
231.388 10.346 3.659
231.488 10.349 3.658
231.588 10.350 3.658
231.688 10.350 3.658
231.788 10.350 3.658
231.888 10.350 3.658
231.988 10.346 3.651
232.088 10.343 3.643
232.188 10.341 3.635
232.288 10.338 3.628
232.388 10.338 3.623
232.488 10.327 3.629
232.588 10.315 3.633
232.688 10.304 3.636
232.788 10.293 3.640
232.888 10.281 3.644
232.988 10.270 3.648
233.088 10.270 3.646
233.188 10.279 3.629
233.288 10.294 3.612
233.388 10.309 3.595
233.488 10.322 3.578
233.588 10.336 3.570
233.688 10.352 3.562
233.788 10.348 3.553
233.888 10.350 3.546
233.988 10.327 3.543
234.088 10.306 3.538
234.188 10.285 3.532
234.288 10.268 3.525
234.388 10.251 3.518
234.488 10.235 3.510
234.588 10.219 3.502
234.688 10.203 3.493
234.788 10.192 3.484
234.888 10.192 3.471
234.988 10.201 3.458
235.088 10.220 3.446
235.188 10.239 3.433
235.288 10.257 3.421
235.388 10.275 3.408
235.488 10.293 3.394
235.588 10.303 3.376
235.688 10.306 3.355
235.788 10.309 3.338
235.888 10.310 3.338
235.988 10.310 3.338
236.088 10.310 3.339
236.188 10.310 3.339
236.288 10.309 3.338
236.388 10.314 3.341
236.488 10.326 3.347
236.588 10.336 3.353
236.688 10.340 3.355
236.788 10.340 3.355
236.888 10.334 3.356
236.988 10.324 3.358
237.088 10.315 3.358
237.188 10.314 3.356
237.288 10.316 3.348
237.388 10.317 3.341
237.488 10.333 3.329
237.588 10.347 3.321
237.688 10.349 3.321
237.788 10.337 3.320
237.888 10.326 3.317
237.988 10.314 3.314
238.088 10.302 3.311
238.188 10.291 3.308
238.288 10.279 3.305
238.388 10.283 3.298
238.488 10.303 3.292
238.588 10.325 3.286
238.688 10.347 3.281
238.788 10.348 3.278
238.888 10.348 3.278
238.988 10.348 3.274
239.088 10.348 3.273
239.188 10.348 3.268
239.288 10.348 3.267
239.388 10.348 3.261
239.488 10.348 3.259
239.588 10.348 3.252
239.688 10.348 3.249
239.788 10.347 3.242
239.888 10.346 3.237
239.988 10.345 3.228
240.088 10.344 3.224
240.188 10.344 3.215
240.288 10.343 3.210
240.388 10.342 3.202
240.488 10.340 3.196
240.588 10.338 3.186
240.688 10.336 3.184
240.788 10.337 3.176
240.888 10.337 3.170
240.988 10.336 3.168
241.088 10.336 3.168
241.188 10.332 3.154
241.288 10.330 3.147
241.388 10.329 3.149
241.488 10.329 3.149
241.588 10.329 3.149
241.688 10.329 3.149
241.788 10.329 3.149
241.888 10.329 3.149
241.988 10.340 3.155
242.088 10.348 3.159
242.188 10.348 3.159
242.288 10.348 3.159
242.388 10.348 3.159
242.488 10.348 3.159
242.588 10.348 3.159
242.688 10.348 3.159
242.788 10.348 3.157
242.888 10.349 3.154
242.988 10.349 3.149
243.088 10.349 3.147
243.188 10.349 3.142
243.288 10.349 3.142
243.388 10.338 3.139
243.488 10.327 3.135
243.588 10.316 3.130
243.688 10.305 3.125
243.788 10.294 3.121
243.888 10.294 3.119
243.988 10.281 3.107
244.088 10.267 3.089
244.188 10.253 3.072
244.288 10.240 3.053
244.388 10.228 3.035
244.488 10.216 3.016
244.588 10.204 2.997
244.688 10.193 2.977
244.788 10.182 2.958
244.888 10.173 2.937
244.988 10.163 2.917
245.088 10.154 2.897
245.188 10.145 2.877
245.288 10.137 2.856
245.388 10.129 2.835
245.488 10.121 2.814
245.588 10.114 2.793
245.688 10.108 2.771
245.788 10.102 2.750
245.888 10.098 2.729
245.988 10.096 2.710
246.088 10.095 2.692
246.188 10.094 2.674
246.288 10.094 2.656
246.388 10.093 2.638
246.488 10.094 2.620
246.588 10.093 2.600
246.688 10.091 2.578
246.788 10.091 2.555
246.888 10.090 2.533
246.988 10.090 2.511
247.088 10.091 2.488
247.188 10.092 2.466
247.288 10.094 2.443
247.388 10.096 2.421
247.488 10.098 2.399
247.588 10.102 2.377
247.688 10.105 2.354
247.788 10.109 2.333
247.888 10.114 2.311
247.988 10.119 2.289
248.088 10.125 2.268
248.188 10.131 2.246
248.288 10.138 2.225
248.388 10.145 2.204
248.488 10.153 2.183
248.588 10.161 2.162
248.688 10.169 2.141
248.788 10.178 2.121
248.888 10.188 2.101
248.988 10.198 2.080
249.088 10.207 2.060
249.188 10.217 2.040
249.288 10.227 2.020
249.388 10.237 2.000
249.488 10.247 1.980
249.588 10.257 1.960
249.688 10.267 1.940
249.788 10.277 1.920
249.888 10.287 1.900
249.988 10.297 1.880
250.088 10.307 1.860
250.188 10.317 1.840
250.288 10.327 1.821
250.388 10.338 1.801
250.488 10.348 1.780
250.588 10.358 1.761
250.688 10.369 1.741
250.788 10.380 1.722
250.888 10.391 1.702
250.988 10.402 1.683
251.088 10.413 1.663
251.188 10.425 1.644
251.288 10.436 1.625
251.388 10.448 1.606
251.488 10.460 1.587
251.588 10.471 1.568
251.688 10.483 1.549
251.788 10.495 1.530
251.888 10.507 1.511
251.988 10.520 1.493
252.088 10.532 1.474
252.188 10.544 1.456
252.288 10.557 1.437
252.388 10.570 1.418
252.488 10.574 1.406
252.588 10.563 1.406
252.688 10.541 1.419
252.788 10.513 1.435
252.888 10.487 1.452
252.988 10.461 1.469
253.088 10.432 1.486
253.188 10.404 1.503
253.288 10.377 1.520
253.388 10.352 1.538
253.488 10.323 1.555
253.588 10.297 1.572
253.688 10.269 1.589
253.788 10.244 1.606
253.888 10.218 1.623
253.988 10.189 1.639
254.088 10.163 1.655
254.188 10.136 1.671
254.288 10.111 1.687
254.388 10.082 1.702
254.488 10.054 1.717
254.588 10.029 1.733
254.688 10.000 1.748
254.788 9.970 1.763
254.888 9.943 1.779
254.988 9.918 1.794
255.088 9.891 1.809
255.188 9.865 1.823
255.288 9.837 1.834
255.388 9.811 1.846
255.488 9.790 1.858
255.588 9.769 1.868
255.688 9.748 1.879
255.788 9.726 1.889
255.888 9.705 1.899
255.988 9.683 1.908
256.088 9.664 1.918
256.188 9.647 1.923
256.288 9.630 1.926
256.388 9.617 1.929
256.488 9.607 1.932
256.588 9.594 1.934
256.688 9.584 1.937
256.788 9.570 1.940
256.888 9.560 1.943
256.988 9.550 1.946
257.088 9.541 1.950
257.188 9.531 1.953
257.288 9.522 1.957
257.388 9.512 1.960
257.488 9.502 1.963
257.588 9.492 1.967
257.688 9.483 1.970
257.788 9.474 1.973
257.888 9.464 1.976
257.988 9.460 1.974
258.088 9.456 1.971
258.188 9.452 1.968
258.288 9.448 1.966
258.388 9.443 1.963
258.488 9.438 1.961
258.588 9.434 1.959
258.688 9.429 1.957
258.788 9.424 1.955
258.888 9.419 1.953
258.988 9.414 1.952
259.088 9.410 1.951
259.188 9.405 1.950
259.288 9.399 1.949
259.388 9.395 1.948
259.488 9.389 1.947
259.588 9.384 1.947
259.688 9.379 1.947
259.788 9.374 1.947
259.888 9.369 1.947
259.988 9.364 1.947
260.088 9.359 1.947
260.188 9.354 1.948
260.288 9.348 1.948
260.388 9.343 1.949
260.488 9.338 1.950
260.588 9.333 1.951
260.688 9.329 1.952
260.788 9.324 1.954
260.888 9.319 1.955
260.988 9.315 1.956
261.088 9.310 1.958
261.188 9.305 1.959
261.288 9.301 1.961
261.388 9.296 1.962
261.488 9.291 1.964
261.588 9.286 1.966
261.688 9.281 1.968
261.788 9.275 1.970
261.888 9.270 1.972
261.988 9.264 1.975
262.088 9.259 1.977
262.188 9.256 1.978
262.288 9.250 1.981
262.388 9.245 1.983
262.488 9.239 1.985
262.588 9.233 1.987
262.688 9.228 1.988
262.788 9.223 1.989
262.888 9.218 1.991
262.988 9.212 1.993
263.088 9.207 1.995
263.188 9.201 1.996
263.288 9.196 1.998
263.388 9.191 2.000
263.488 9.186 2.001
263.588 9.181 2.003
263.688 9.176 2.004
263.788 9.171 2.006
263.888 9.166 2.008
263.988 9.162 2.009
264.088 9.157 2.010
264.188 9.153 2.012
264.288 9.148 2.014
264.388 9.143 2.015
264.488 9.138 2.017
264.588 9.134 2.019
264.688 9.129 2.021
264.788 9.124 2.024
264.888 9.119 2.026
264.988 9.115 2.028
265.088 9.110 2.031
265.188 9.105 2.034
265.288 9.100 2.037
265.388 9.095 2.041
265.488 9.090 2.044
265.588 9.085 2.047
265.688 9.080 2.051
265.788 9.077 2.052
265.888 9.075 2.054
265.988 9.072 2.057
266.088 9.068 2.059
266.188 9.064 2.062
266.288 9.061 2.065
266.388 9.057 2.068
266.488 9.053 2.071
266.588 9.049 2.074
266.688 9.045 2.077
266.788 9.041 2.081
266.888 9.037 2.084
266.988 9.033 2.087
267.088 9.029 2.091
267.188 9.025 2.094
267.288 9.021 2.098
267.388 9.018 2.101
267.488 9.014 2.104
267.588 9.011 2.108
267.688 9.007 2.111
267.788 9.003 2.115
267.888 9.000 2.119
267.988 8.996 2.124
268.088 8.992 2.129
268.188 8.988 2.133
268.288 8.984 2.138
268.388 8.979 2.150
268.488 8.975 2.153
268.588 8.971 2.157
268.688 8.968 2.167
268.788 8.963 2.183
268.888 8.959 2.196
268.988 8.956 2.208
269.088 8.950 2.222
269.188 8.947 2.234
269.288 8.943 2.246
269.388 8.936 2.255
269.488 8.932 2.254
269.588 8.931 2.272
269.688 8.925 2.289
269.788 8.922 2.303
269.888 8.922 2.323
269.988 8.920 2.339
270.088 8.918 2.359
270.188 8.916 2.383
270.288 8.915 2.406
270.388 8.913 2.432
270.488 8.910 2.457
270.588 8.911 2.480
270.688 8.909 2.506
270.788 8.906 2.531
270.888 8.902 2.557
270.988 8.899 2.581
271.088 8.897 2.610
271.188 8.895 2.638
271.288 8.889 2.668
271.388 8.881 2.697
271.488 8.876 2.726
271.588 8.870 2.754
271.688 8.863 2.782
271.788 8.856 2.809
271.888 8.848 2.834
271.988 8.841 2.861
272.088 8.831 2.888
272.188 8.822 2.915
272.288 8.809 2.945
272.388 8.798 2.973
272.488 8.786 3.002
272.588 8.773 3.031
272.688 8.758 3.061
272.788 8.748 3.088
272.888 8.738 3.115
272.988 8.727 3.142
273.088 8.713 3.169
273.188 8.697 3.197
273.288 8.683 3.225
273.388 8.670 3.251
273.488 8.655 3.278
273.588 8.639 3.305
273.688 8.624 3.331
273.788 8.610 3.357
273.888 8.594 3.384
273.988 8.577 3.410
274.088 8.559 3.437
274.188 8.543 3.462
274.288 8.523 3.488
274.388 8.506 3.513
274.488 8.489 3.538
274.588 8.470 3.564
274.688 8.452 3.590
274.788 8.432 3.615
274.888 8.412 3.642
274.988 8.396 3.667
275.088 8.379 3.693
275.188 8.361 3.719
275.288 8.341 3.745
275.388 8.322 3.771
275.488 8.303 3.796
275.588 8.286 3.820
275.688 8.265 3.846
275.788 8.245 3.871
275.888 8.228 3.895
275.988 8.209 3.920
276.088 8.190 3.945
276.188 8.170 3.970
276.288 8.151 3.994
276.388 8.133 4.018
276.488 8.114 4.042
276.588 8.092 4.066
276.688 8.071 4.089
276.788 8.053 4.112
276.888 8.032 4.135
276.988 8.011 4.157
277.088 7.992 4.179
277.188 7.973 4.200
277.288 7.951 4.222
277.388 7.927 4.243
277.488 7.906 4.264
277.588 7.886 4.285
277.688 7.862 4.306
277.788 7.837 4.326
277.888 7.814 4.347
277.988 7.791 4.367
278.088 7.765 4.387
278.188 7.741 4.407
278.288 7.718 4.427
278.388 7.693 4.447
278.488 7.667 4.467
278.588 7.643 4.487
278.688 7.618 4.507
278.788 7.597 4.526
278.888 7.573 4.546
278.988 7.550 4.565
279.088 7.523 4.585
279.188 7.498 4.604
279.288 7.476 4.623
279.388 7.454 4.642
279.488 7.427 4.660
279.588 7.402 4.678
279.688 7.376 4.697
279.788 7.351 4.715
279.888 7.323 4.733
279.988 7.298 4.751
280.088 7.272 4.769
280.188 7.247 4.786
280.288 7.219 4.804
280.388 7.193 4.821
280.488 7.164 4.838
280.588 7.136 4.855
280.688 7.112 4.873
280.788 7.085 4.890
280.888 7.057 4.907
280.988 7.031 4.925
281.088 7.003 4.942
281.188 6.977 4.960
281.288 6.950 4.977
281.388 6.926 4.994
281.488 6.899 5.011
281.588 6.875 5.027
281.688 6.845 5.044
281.788 6.818 5.060
281.888 6.793 5.076
281.988 6.768 5.092
282.088 6.741 5.108
282.188 6.716 5.123
282.288 6.691 5.139
282.388 6.666 5.154
282.488 6.642 5.168
282.588 6.613 5.181
282.688 6.586 5.194
282.788 6.559 5.206
282.888 6.533 5.219
282.988 6.503 5.229
283.088 6.474 5.240
283.188 6.446 5.251
283.288 6.415 5.261
283.388 6.386 5.271
283.488 6.360 5.280
283.588 6.331 5.289
283.688 6.304 5.300
283.788 6.277 5.306
283.888 6.251 5.314
283.988 6.226 5.318
284.088 6.197 5.323
284.188 6.168 5.330
284.288 6.139 5.336
284.388 6.108 5.341
284.488 6.078 5.347
284.588 6.050 5.353
284.688 6.020 5.357
284.788 5.993 5.360
284.888 5.965 5.365
284.988 5.939 5.367
285.088 5.916 5.370
285.188 5.896 5.371
285.288 5.874 5.370
285.388 5.853 5.367
285.488 5.834 5.367
285.588 5.818 5.365
285.688 5.809 5.363
285.788 5.815 5.349
285.888 5.823 5.330
285.988 5.832 5.311
286.088 5.840 5.293
286.188 5.849 5.274
286.288 5.858 5.255
286.388 5.867 5.237
286.488 5.876 5.219
286.588 5.886 5.200
286.688 5.896 5.182
286.788 5.906 5.164
286.888 5.916 5.146
286.988 5.926 5.128
287.088 5.936 5.110
287.188 5.946 5.092
287.288 5.957 5.074
287.388 5.968 5.057
287.488 5.979 5.039
287.588 5.989 5.021
287.688 6.001 5.005
287.788 6.013 4.988
287.888 6.025 4.972
287.988 6.037 4.956
288.088 6.048 4.938
288.188 6.049 4.929
288.288 6.037 4.920
288.388 6.019 4.917
288.488 5.994 4.913
288.588 5.965 4.912
288.688 5.938 4.910
288.788 5.913 4.908
288.888 5.890 4.905
288.988 5.869 4.902
289.088 5.847 4.897
289.188 5.829 4.891
289.288 5.808 4.887
289.388 5.794 4.884
289.488 5.777 4.876
289.588 5.765 4.872
289.688 5.753 4.867
289.788 5.741 4.863
289.888 5.730 4.859
289.988 5.718 4.855
290.088 5.706 4.851
290.188 5.694 4.847
290.288 5.684 4.846
290.388 5.675 4.845
290.488 5.667 4.844
290.588 5.659 4.844
290.688 5.651 4.843
290.788 5.643 4.841
290.888 5.635 4.840
290.988 5.630 4.841
291.088 5.624 4.841
291.188 5.624 4.837
291.288 5.622 4.832
291.388 5.620 4.827
291.488 5.618 4.822
291.588 5.616 4.817
291.688 5.614 4.811
291.788 5.612 4.807
291.888 5.609 4.802
291.988 5.606 4.798
292.088 5.603 4.794
292.188 5.600 4.789
292.288 5.597 4.785
292.388 5.593 4.781
292.488 5.590 4.777
292.588 5.586 4.773
292.688 5.582 4.769
292.788 5.578 4.766
292.888 5.574 4.762
292.988 5.570 4.758
293.088 5.566 4.754
293.188 5.561 4.751
293.288 5.557 4.748
293.388 5.553 4.746
293.488 5.549 4.743
293.588 5.544 4.741
293.688 5.540 4.738
293.788 5.535 4.735
293.888 5.531 4.732
293.988 5.527 4.728
294.088 5.522 4.725
294.188 5.518 4.721
294.288 5.513 4.718
294.388 5.512 4.716
294.488 5.511 4.714
294.588 5.508 4.711
294.688 5.504 4.709
294.788 5.500 4.706
294.888 5.496 4.703
294.988 5.492 4.700
295.088 5.488 4.697
295.188 5.484 4.695
295.288 5.484 4.693
295.388 5.482 4.690
295.488 5.478 4.687
295.588 5.475 4.685
295.688 5.470 4.681
295.788 5.466 4.678
295.888 5.464 4.677
295.988 5.462 4.675
296.088 5.459 4.672
296.188 5.455 4.670
296.288 5.450 4.667
296.388 5.446 4.665
296.488 5.442 4.663
296.588 5.437 4.660
296.688 5.433 4.658
296.788 5.428 4.656
296.888 5.424 4.653
296.988 5.419 4.651
297.088 5.415 4.649
297.188 5.410 4.647
297.288 5.406 4.645
297.388 5.401 4.643
297.488 5.397 4.641
297.588 5.392 4.639
297.688 5.387 4.636
297.788 5.382 4.634
297.888 5.377 4.631
297.988 5.372 4.629
298.088 5.367 4.627
298.188 5.362 4.625
298.288 5.356 4.623
298.388 5.351 4.621
298.488 5.346 4.618
298.588 5.344 4.617
298.688 5.341 4.615
298.788 5.337 4.614
298.888 5.333 4.613
298.988 5.328 4.611
299.088 5.323 4.610
299.188 5.319 4.609
299.288 5.313 4.607
299.388 5.308 4.607
299.488 5.304 4.606
299.588 5.302 4.606
299.688 5.295 4.605
299.788 5.289 4.604
299.888 5.283 4.604
299.988 5.276 4.603
300.088 5.270 4.603
300.188 5.264 4.603
300.288 5.261 4.596
300.388 5.256 4.594
300.488 5.250 4.594
300.588 5.243 4.593
300.688 5.237 4.593
300.788 5.231 4.593
300.888 5.225 4.593
300.988 5.219 4.592
301.088 5.213 4.593
301.188 5.208 4.593
301.288 5.203 4.593
301.388 5.198 4.594
301.488 5.193 4.594
301.588 5.188 4.595
301.688 5.183 4.595
301.788 5.178 4.596
301.888 5.173 4.596
301.988 5.168 4.597
302.088 5.162 4.597
302.188 5.157 4.598
302.288 5.151 4.598
302.388 5.145 4.599
302.488 5.140 4.599
302.588 5.134 4.600
302.688 5.129 4.600
302.788 5.123 4.601
302.888 5.117 4.602
302.988 5.111 4.602
303.088 5.106 4.604
303.188 5.101 4.605
303.288 5.095 4.606
303.388 5.090 4.607
303.488 5.085 4.608
303.588 5.080 4.609
303.688 5.075 4.611
303.788 5.069 4.613
303.888 5.062 4.615
303.988 5.056 4.617
304.088 5.051 4.618
304.188 5.046 4.620
304.288 5.041 4.622
304.388 5.036 4.623
304.488 5.032 4.625
304.588 5.027 4.627
304.688 5.023 4.628
304.788 5.018 4.630
304.888 5.014 4.631
304.988 5.001 4.640
305.088 4.988 4.648
305.188 4.977 4.655
305.288 4.966 4.663
305.388 4.956 4.670
305.488 4.946 4.677
305.588 4.936 4.684
305.688 4.921 4.697
305.788 4.904 4.714
305.888 4.892 4.724
305.988 4.883 4.733
306.088 4.872 4.749
306.188 4.859 4.767
306.288 4.844 4.788
306.388 4.827 4.809
306.488 4.810 4.829
306.588 4.793 4.848
306.688 4.776 4.866
306.788 4.756 4.889
306.888 4.737 4.912
306.988 4.719 4.935
307.088 4.700 4.955
307.188 4.681 4.973
307.288 4.659 4.995
307.388 4.640 5.016
307.488 4.620 5.035
307.588 4.600 5.054
307.688 4.577 5.072
307.788 4.556 5.089
307.888 4.537 5.106
307.988 4.516 5.124
308.088 4.495 5.141
308.188 4.473 5.159
308.288 4.452 5.175
308.388 4.431 5.187
308.488 4.411 5.198
308.588 4.391 5.208
308.688 4.370 5.219
308.788 4.350 5.231
308.888 4.328 5.241
308.988 4.302 5.252
309.088 4.277 5.268
309.188 4.254 5.278
309.288 4.234 5.290
309.388 4.218 5.298
309.488 4.200 5.308
309.588 4.182 5.318
309.688 4.167 5.327
309.788 4.155 5.333
309.888 4.143 5.337
309.988 4.131 5.342
310.088 4.120 5.346
310.188 4.108 5.350
310.288 4.097 5.354
310.388 4.091 5.351
310.488 4.090 5.332
310.588 4.088 5.312
310.688 4.086 5.292
310.788 4.082 5.272
310.888 4.078 5.252
310.988 4.073 5.232
311.088 4.068 5.211
311.188 4.064 5.191
311.288 4.059 5.171
311.388 4.055 5.151
311.488 4.049 5.131
311.588 4.044 5.111
311.688 4.041 5.091
311.788 4.037 5.070
311.888 4.034 5.049
311.988 4.030 5.032
312.088 4.023 5.030
312.188 4.016 5.032
312.288 4.006 5.034
312.388 3.999 5.036
312.488 3.991 5.038
312.588 3.985 5.041
312.688 3.979 5.044
312.788 3.974 5.046
312.888 3.968 5.049
312.988 3.963 5.051
313.088 3.958 5.054
313.188 3.953 5.056
313.288 3.949 5.059
313.388 3.943 5.061
313.488 3.938 5.063
313.588 3.933 5.066
313.688 3.928 5.068
313.788 3.924 5.063
313.888 3.918 5.057
313.988 3.913 5.058
314.088 3.907 5.059
314.188 3.901 5.061
314.288 3.896 5.058
314.388 3.891 5.058
314.488 3.885 5.059
314.588 3.881 5.057
314.688 3.878 5.050
314.788 3.872 5.050
314.888 3.866 5.050
314.988 3.864 5.052
315.088 3.858 5.052
315.188 3.856 5.043
315.288 3.852 5.041
315.388 3.847 5.038
315.488 3.841 5.038
315.588 3.835 5.037
315.688 3.830 5.037
315.788 3.824 5.037
315.888 3.819 5.037
315.988 3.813 5.036
316.088 3.807 5.035
316.188 3.806 5.030
316.288 3.800 5.024
316.388 3.790 5.022
316.488 3.780 5.019
316.588 3.772 5.016
316.688 3.770 5.010
316.788 3.764 5.008
316.888 3.758 5.008
316.988 3.751 5.008
317.088 3.743 5.007
317.188 3.733 5.005
317.288 3.724 5.004
317.388 3.718 5.003
317.488 3.708 5.001
317.588 3.697 4.998
317.688 3.687 4.997
317.788 3.683 4.993
317.888 3.676 4.993
317.988 3.669 4.993
318.088 3.661 4.993
318.188 3.652 4.992
318.288 3.648 4.989
318.388 3.639 4.989
318.488 3.631 4.990
318.588 3.622 4.990
318.688 3.614 4.990
318.788 3.604 4.990
318.888 3.595 4.990
318.988 3.586 4.991
319.088 3.578 4.992
319.188 3.569 4.993
319.288 3.561 4.995
319.388 3.551 4.996
319.488 3.540 4.997
319.588 3.528 4.997
319.688 3.515 4.998
319.788 3.507 4.995
319.888 3.497 4.997
319.988 3.485 4.998
320.088 3.467 5.002
320.188 3.456 5.006
320.288 3.442 5.009
320.388 3.428 5.012
320.488 3.412 5.020
320.588 3.398 5.026
320.688 3.382 5.033
320.788 3.363 5.046
320.888 3.343 5.059
320.988 3.327 5.070
321.088 3.309 5.084
321.188 3.287 5.100
321.288 3.266 5.117
321.388 3.242 5.137
321.488 3.216 5.157
321.588 3.189 5.178
321.688 3.164 5.199
321.788 3.140 5.220
321.888 3.114 5.242
321.988 3.091 5.264
322.088 3.068 5.286
322.188 3.049 5.308
322.288 3.028 5.330
322.388 3.005 5.353
322.488 2.982 5.376
322.588 2.962 5.399
322.688 2.941 5.422
322.788 2.918 5.445
322.888 2.895 5.469
322.988 2.876 5.492
323.088 2.855 5.516
323.188 2.835 5.539
323.288 2.813 5.563
323.388 2.793 5.586
323.488 2.774 5.610
323.588 2.753 5.634
323.688 2.729 5.658
323.788 2.709 5.681
323.888 2.691 5.704
323.988 2.671 5.728
324.088 2.648 5.752
324.188 2.626 5.776
324.288 2.606 5.800
324.388 2.583 5.825
324.488 2.561 5.851
324.588 2.542 5.875
324.688 2.525 5.899
324.788 2.506 5.924
324.888 2.488 5.948
324.988 2.467 5.973
325.088 2.445 5.998
325.188 2.429 6.022
325.288 2.408 6.047
325.388 2.386 6.073
325.488 2.366 6.098
325.588 2.348 6.123
325.688 2.328 6.149
325.788 2.307 6.175
325.888 2.289 6.200
325.988 2.271 6.226
326.088 2.250 6.252
326.188 2.231 6.277
326.288 2.210 6.303
326.388 2.192 6.329
326.488 2.172 6.354
326.588 2.153 6.379
326.688 2.132 6.405
326.788 2.113 6.430
326.888 2.094 6.455
326.988 2.074 6.481
327.088 2.054 6.506
327.188 2.037 6.531
327.288 2.017 6.556
327.388 1.998 6.581
327.488 1.978 6.606
327.588 1.960 6.630
327.688 1.943 6.654
327.788 1.923 6.678
327.888 1.903 6.701
327.988 1.881 6.725
328.088 1.859 6.749
328.188 1.838 6.773
328.288 1.816 6.798
328.388 1.797 6.821
328.488 1.776 6.844
328.588 1.755 6.868
328.688 1.736 6.891
328.788 1.713 6.914
328.888 1.693 6.937
328.988 1.671 6.959
329.088 1.649 6.982
