=== starting Gazebo ===
=== starting nav ===
=== wait until TF ready ===
=== initial pose ===
- Translation: [0.813, 0.799, 0.000]
            in RPY (degree) [-0.001, -0.000, 45.117]
=== publish goal (5.5, 2.7) - opposite corner ===
=== sampling pose every 3s for 90s ===
  t=3s  - Translation: [1.789, 1.062, 0.001]
  t=6s  - Translation: [2.204, 1.435, 0.003]
  t=9s  - Translation: [2.312, 2.236, 0.001]
  t=12s  - Translation: [2.364, 2.222, -0.000]
  t=15s  - Translation: [2.322, 2.126, -0.000]
  t=18s  - Translation: [3.118, 1.488, 0.003]
  t=21s  - Translation: [2.844, 1.700, 0.001]
  t=24s  - Translation: [2.626, 1.263, 0.000]
  t=27s  - Translation: [3.282, 1.625, 0.000]
  t=30s  - Translation: [2.743, 1.729, 0.000]
  t=33s  - Translation: [1.890, 2.310, 0.000]
  t=36s  - Translation: [1.687, 2.269, 0.000]
  t=39s  - Translation: [1.615, 2.242, 0.000]
  t=42s  - Translation: [1.690, 2.282, -0.000]
  t=45s  - Translation: [1.582, 2.266, 0.000]
  t=48s  - Translation: [1.715, 2.322, 0.000]
  t=51s  - Translation: [1.643, 2.311, 0.000]
  t=54s  - Translation: [1.862, 2.318, 0.000]
  t=57s  - Translation: [1.715, 2.362, 0.000]
  t=60s  - Translation: [1.959, 2.413, 0.001]
  t=63s  - Translation: [2.988, 2.201, 0.002]
  t=66s  - Translation: [4.000, 2.335, 0.003]
  t=69s  - Translation: [4.015, 2.330, 0.000]
  t=72s  - Translation: [4.014, 2.314, -0.000]
  t=75s  - Translation: [4.449, 2.837, 0.000]
  t=78s  - Translation: [5.323, 2.712, 0.002]
  t=81s  - Translation: [5.323, 2.712, 0.002]
  t=84s  - Translation: [5.323, 2.712, 0.002]
  t=87s  - Translation: [5.323, 2.712, 0.002]
  t=90s  - Translation: [5.323, 2.712, 0.002]
=== nav.log key events ===
[INFO] [1776597308.831730, 90.756000]: [HybridNav] Goal received (5.50, 2.70)
[INFO] [1776597308.833809, 90.758000]: [HybridNav] Planning (0.81,0.80) -> (5.50,2.70)
[INFO] [1776597312.917735, 94.825000]: [HybridNav] Planning (1.60,1.10) -> (5.50,2.70)
[INFO] [1776597317.010585, 98.893000]: [HybridNav] Planning (2.14,1.06) -> (5.50,2.70)
[INFO] [1776597321.082877, 102.959000]: [HybridNav] Planning (2.24,1.88) -> (5.50,2.70)
[INFO] [1776597325.154330, 107.025000]: [HybridNav] Planning (2.30,2.27) -> (5.50,2.70)
[INFO] [1776597329.961237, 111.828000]: [HybridNav] Planning (2.35,2.19) -> (5.50,2.70)
[INFO] [1776597333.636874, 115.495000]: [HybridNav] Planning (2.32,2.13) -> (5.50,2.70)
[INFO] [1776597337.727567, 119.560000]: [HybridNav] Planning (2.91,1.59) -> (5.50,2.70)
[INFO] [1776597341.801831, 123.626000]: [HybridNav] Planning (3.15,1.63) -> (5.50,2.70)
[INFO] [1776597345.878188, 127.693000]: [HybridNav] Planning (2.61,1.66) -> (5.50,2.70)
[INFO] [1776597349.953488, 131.759000]: [HybridNav] Planning (2.82,1.27) -> (5.50,2.70)
[INFO] [1776597354.030267, 135.825000]: [HybridNav] Planning (3.28,1.63) -> (5.50,2.70)
[INFO] [1776597358.106218, 139.906000]: [HybridNav] Planning (2.89,1.70) -> (5.50,2.70)
[INFO] [1776597362.198765, 143.962000]: [HybridNav] Planning (2.10,2.11) -> (5.50,2.70)
[INFO] [1776597366.271605, 148.025000]: [HybridNav] Planning (1.60,2.30) -> (5.50,2.70)
[INFO] [1776597370.344266, 152.092000]: [HybridNav] Planning (1.58,2.28) -> (5.50,2.70)
[INFO] [1776597374.431165, 156.179000]: [HybridNav] Planning (1.70,2.24) -> (5.50,2.70)
[INFO] [1776597376.288532, 158.026000]: [HybridNav] Planning (1.72,2.23) -> (5.50,2.70)
[INFO] [1776597380.633676, 162.360000]: [HybridNav] Planning (1.74,2.31) -> (5.50,2.70)
[INFO] [1776597384.709694, 166.425000]: [HybridNav] Planning (1.58,2.31) -> (5.50,2.70)
[INFO] [1776597388.793839, 170.494000]: [HybridNav] Planning (1.70,2.33) -> (5.50,2.70)
[INFO] [1776597392.861265, 174.560000]: [HybridNav] Planning (1.73,2.27) -> (5.50,2.70)
[INFO] [1776597396.939401, 178.625000]: [HybridNav] Planning (1.71,2.31) -> (5.50,2.70)
[INFO] [1776597401.010131, 182.692000]: [HybridNav] Planning (1.78,2.38) -> (5.50,2.70)
=== final pose ===
- Translation: [5.323, 2.712, 0.002]
=== cleanup ===
/home/cjx/catkin_ws/src/py_hybrid_planner/experiments/test_nav_new.sh：行 7: 101408 已杀死               roslaunch py_hybrid_planner indoor_gazebo.launch gui:=false > /tmp/gazebo.log 2>&1
/home/cjx/catkin_ws/src/py_hybrid_planner/experiments/test_nav_new.sh：行 7: 101642 已杀死               roslaunch py_hybrid_planner hybrid_nav.launch open_rviz:=false > /tmp/nav.log 2>&1
